/*
 * Copyright 2016 Red Hat, Inc. and/or its affiliates.
 *
 * Licensed under the Apache License, Version 2.0 (the "License");
 * you may not use this file except in compliance with the License.
 * You may obtain a copy of the License at
 *
 *       http://www.apache.org/licenses/LICENSE-2.0
 *
 * Unless required by applicable law or agreed to in writing, software
 * distributed under the License is distributed on an "AS IS" BASIS,
 * WITHOUT WARRANTIES OR CONDITIONS OF ANY KIND, either express or implied.
 * See the License for the specific language governing permissions and
 * limitations under the License.
 */

package org.uberfire.ext.preferences.processors;

import java.util.Arrays;
import java.util.Collection;
import java.util.Collections;
import javax.annotation.Generated;
import javax.enterprise.context.Dependent;
import javax.inject.Inject;
import com.google.gwt.user.client.ui.InlineLabel;

import org.jboss.errai.common.client.ui.ElementWrapperWidget;
import javax.inject.Named;
import org.uberfire.ext.preferences.client.mvp.AbstractWorkbenchPreferencesActivity;
import org.uberfire.client.mvp.PlaceManager;

import org.uberfire.mvp.PlaceRequest;

import com.google.gwt.user.client.ui.IsWidget;

@Dependent
@Generated("org.uberfire.ext.preferences.processors.WorkbenchPreferencesProcessor")
@Named("test29")
/*
 * WARNING! This class is generated. Do not modify.
 */
public class WorkbenchPreferencesTest29Activity extends AbstractWorkbenchPreferencesActivity {

    @Inject
    private WorkbenchPreferencesTest29 realPresenter;

    @Inject
    //Constructor injection for testing
    public WorkbenchPreferencesTest29Activity(final PlaceManager placeManager) {
        super( placeManager );
    }

    @Override
    public String getTitle() {
        return realPresenter.getTitle();
    }

    @Override
    public IsWidget getWidget() {
        return ElementWrapperWidget.getWidget( realPresenter.getView().getElement() );
    }

    @Override
    public String getIdentifier() {
        return "test29";
    }
}
