/*
 * Copyright 2016 Red Hat, Inc. and/or its affiliates.
 *
 * Licensed under the Apache License, Version 2.0 (the "License");
 * you may not use this file except in compliance with the License.
 * You may obtain a copy of the License at
 *
 *       http://www.apache.org/licenses/LICENSE-2.0
 *
 * Unless required by applicable law or agreed to in writing, software
 * distributed under the License is distributed on an "AS IS" BASIS,
 * WITHOUT WARRANTIES OR CONDITIONS OF ANY KIND, either express or implied.
 * See the License for the specific language governing permissions and
 * limitations under the License.
 */

package org.uberfire.ext.preferences.processors;

import java.lang.RuntimeException;
import java.util.ArrayList;
import java.util.HashMap;
import java.util.List;
import java.util.Map;
import javax.annotation.Generated;

import org.jboss.errai.common.client.api.annotations.MapsTo;
import org.jboss.errai.common.client.api.annotations.Portable;
import org.uberfire.preferences.shared.annotations.PortablePreference;
import org.uberfire.preferences.shared.bean.BasePreferencePortable;
import org.uberfire.preferences.shared.PropertyFormType;
import org.uberfire.preferences.shared.PropertyValidator;
import org.uberfire.mvp.Command;
import org.uberfire.mvp.ParameterizedCommand;

@Portable( mapSuperTypes = true )
@PortablePreference
@Generated("org.uberfire.ext.preferences.processors.WorkbenchPreferenceProcessor")
/*
* WARNING! This class is generated. Do not modify.
*/
public class MyPreferencePortableGeneratedImpl extends MyPreference implements BasePreferencePortable<MyPreference> {

    public MyPreferencePortableGeneratedImpl() {
        this.myInnerPreference = new org.uberfire.ext.preferences.processors.MyInnerPreferencePortableGeneratedImpl();
        this.mySharedPreference = new org.uberfire.ext.preferences.processors.MySharedPreferencePortableGeneratedImpl();
    }

    public MyPreferencePortableGeneratedImpl( @MapsTo("text") java.lang.String text, @MapsTo("sendReports") boolean sendReports, @MapsTo("backgroundColor") java.lang.String backgroundColor, @MapsTo("age") int age, @MapsTo("password") java.lang.String password, @MapsTo("myInnerPreference") org.uberfire.ext.preferences.processors.MyInnerPreference myInnerPreference, @MapsTo("mySharedPreference") org.uberfire.ext.preferences.processors.MySharedPreference mySharedPreference ) {
        this.text = text;
        this.sendReports = sendReports;
        this.backgroundColor = backgroundColor;
        this.age = age;
        this.password = password;
        this.myInnerPreference = myInnerPreference;
        this.mySharedPreference = mySharedPreference;
    }

    @Override
    public Class<MyPreference> getPojoClass() {
        return MyPreference.class;
    }

    @Override
    public String identifier() {
        return "MyPreference";
    }

    @Override
    public String[] parents() {
        return new String[] { "" };
    }

    @Override
    public String bundleKey() {
        return "MyPreference.Label";
    }

    @Override
    public void set( String property, Object value ) {
        if ( property.equals( "text" ) ) {
            text = (java.lang.String) value;
        } else
        if ( property.equals( "sendReports" ) ) {
            sendReports = (boolean) value;
        } else
        if ( property.equals( "backgroundColor" ) ) {
            backgroundColor = (java.lang.String) value;
        } else
        if ( property.equals( "age" ) ) {
            age = (int) value;
        } else
        if ( property.equals( "password" ) ) {
            password = (java.lang.String) value;
        } else
        {
            throw new RuntimeException( "Unknown property: " + property );
        }
    }

    @Override
    public Object get( String property ) {
        if ( property.equals( "text" ) ) {
            return text;
        } else
        if ( property.equals( "sendReports" ) ) {
            return sendReports;
        } else
        if ( property.equals( "backgroundColor" ) ) {
            return backgroundColor;
        } else
        if ( property.equals( "age" ) ) {
            return age;
        } else
        if ( property.equals( "password" ) ) {
            return password;
        } else
        {
            throw new RuntimeException( "Unknown property: " + property );
        }
    }

    @Override
    public Map<String, PropertyFormType> getPropertiesTypes() {
        Map<String, PropertyFormType> propertiesTypes = new HashMap<>();

        propertiesTypes.put( "text", PropertyFormType.TEXT);
        propertiesTypes.put( "sendReports", PropertyFormType.BOOLEAN);
        propertiesTypes.put( "backgroundColor", PropertyFormType.COLOR);
        propertiesTypes.put( "age", PropertyFormType.NATURAL_NUMBER);
        propertiesTypes.put( "password", PropertyFormType.SECRET_TEXT);

        return propertiesTypes;
    }

    @Override
    public Map<String, List<PropertyValidator>> getPropertiesValidators() {
        Map<String, List<PropertyValidator>> validatorsByProperty = new HashMap<>();

        List<PropertyValidator> validatorsText = new ArrayList<>();
        validatorsText.add(new org.uberfire.preferences.shared.impl.validation.NotEmptyValidator());
        validatorsByProperty.put("text", validatorsText);

        List<PropertyValidator> validatorsPassword = new ArrayList<>();
        validatorsPassword.add(new org.uberfire.preferences.shared.impl.validation.NotEmptyValidator());
        validatorsByProperty.put("password", validatorsPassword);


        return validatorsByProperty;
    }

    @Override
    public boolean equals( final Object o ) {
        if ( this == o ) {
            return true;
        }
        if ( o == null || getClass() != o.getClass() ) {
            return false;
        }

        final MyPreferencePortableGeneratedImpl that = (MyPreferencePortableGeneratedImpl) o;

        if ( text != null ? !text.equals( that.text ) : that.text != null ) {
            return false;
        }
        if ( sendReports != that.sendReports ) {
            return false;
        }
        if ( backgroundColor != null ? !backgroundColor.equals( that.backgroundColor ) : that.backgroundColor != null ) {
            return false;
        }
        if ( age != that.age ) {
            return false;
        }
        if ( password != null ? !password.equals( that.password ) : that.password != null ) {
            return false;
        }
        if ( myInnerPreference != null ? !myInnerPreference.equals( that.myInnerPreference ) : that.myInnerPreference != null ) {
            return false;
        }
        if ( mySharedPreference != null ? !mySharedPreference.equals( that.mySharedPreference ) : that.mySharedPreference != null ) {
            return false;
        }

        return true;
    }

    @Override
    public int hashCode() {
        int result = 0;

        result = 31 * result + ( text != null ? text.hashCode() : 0 );
        result = ~~result;
        result = 31 * result + java.lang.Boolean.hashCode( sendReports );
        result = ~~result;
        result = 31 * result + ( backgroundColor != null ? backgroundColor.hashCode() : 0 );
        result = ~~result;
        result = 31 * result + java.lang.Integer.hashCode( age );
        result = ~~result;
        result = 31 * result + ( password != null ? password.hashCode() : 0 );
        result = ~~result;
        result = 31 * result + ( myInnerPreference != null ? myInnerPreference.hashCode() : 0 );
        result = ~~result;
        result = 31 * result + ( mySharedPreference != null ? mySharedPreference.hashCode() : 0 );
        result = ~~result;

        return result;
    }

    @Override
    public boolean isPersistable() {
        return true;
    }
}
